// Jest Snapshot v1, https://goo.gl/fbAQLP

exports[`Badge renders correctly 1`] = `
.emotion-0 {
  border: 1px solid #ccc;
  border-radius: 4px;
  box-sizing: border-box;
  font-size: 16px;
  font-weight: 300;
  padding: 10px 40px 10px 10px;
  width: 150px;
}

<p
  className="emotion-0 emotion-1"
>
  Badge
</p>
`;
