// Jest Snapshot v1, https://goo.gl/fbAQLP

exports[`Button renders correctly 1`] = `
.emotion-0 {
  background: coral;
  color: #fff;
  cursor: pointer;
  font-size: 1rem;
  font-weight: 300;
  padding: 1rem 2rem;
}

<button
  className="emotion-0 emotion-1"
>
  Test
</button>
`;
